
> namma-ooru-smart@0.0.2 build
> vite build

[36mvite v7.3.1 [32mbuilding client environment for production...[36m[39m
transforming...
[32mΓ£ô[39m 1858 modules transformed.
rendering chunks...
